{"timestamp": "2026-10-04 08:45:49 UTC", "ts": 1791103549.587329, "event": "STARTED", "run_id": "RUN-TEST-001", "details": {"target": 500}}
{"timestamp": "2026-10-04 08:55:34 UTC", "ts": 1791104134.136304, "event": "NEW_RUN", "run_id": "RUN-TEST-A-NEW", "details": {"target": 100, "experiment_id": "EXP-XAUUSD-M15"}}
{"timestamp": "2026-10-04 08:55:34 UTC", "ts": 1791104134.16973, "event": "RESUME_RUN", "run_id": "RUN-TEST-A-NEW", "details": {"target": 150, "experiment_id": "EXP-XAUUSD-M15"}}
{"timestamp": "2026-10-04 08:55:34 UTC", "ts": 1791104134.210286, "event": "NEW_RUN", "run_id": "RUN-TEST-A-NEW2", "details": {"target": 200, "experiment_id": "EXP-XAUUSD-M15"}}
{"timestamp": "2026-10-04 08:55:34 UTC", "ts": 1791104134.715911, "event": "NEW_RUN", "run_id": "RUN-ACCEPTANCE-001", "details": {"target": 500}}
{"timestamp": "2026-10-04 08:56:12 UTC", "ts": 1791104172.252033, "event": "NEW_RUN", "run_id": "RUN-TEST-A-NEW", "details": {"target": 100, "experiment_id": "EXP-XAUUSD-M15"}}
{"timestamp": "2026-10-04 08:56:12 UTC", "ts": 1791104172.291221, "event": "RESUME_RUN", "run_id": "RUN-TEST-A-NEW", "details": {"target": 150, "experiment_id": "EXP-XAUUSD-M15"}}
{"timestamp": "2026-10-04 08:56:12 UTC", "ts": 1791104172.370121, "event": "NEW_RUN", "run_id": "RUN-TEST-A-NEW2", "details": {"target": 200, "experiment_id": "EXP-XAUUSD-M15"}}
{"timestamp": "2026-10-04 08:56:12 UTC", "ts": 1791104172.633902, "event": "NEW_RUN", "run_id": "RUN-ACCEPTANCE-001", "details": {"target": 500}}
{"timestamp": "2026-10-04 08:56:45 UTC", "ts": 1791104205.872395, "event": "NEW_RUN", "run_id": "RUN-TEST-A-NEW", "details": {"target": 100, "experiment_id": "EXP-XAUUSD-M15"}}
{"timestamp": "2026-10-04 08:56:45 UTC", "ts": 1791104205.915093, "event": "RESUME_RUN", "run_id": "RUN-TEST-A-NEW", "details": {"target": 150, "experiment_id": "EXP-XAUUSD-M15"}}
{"timestamp": "2026-10-04 08:56:45 UTC", "ts": 1791104205.964871, "event": "NEW_RUN", "run_id": "RUN-TEST-A-NEW2", "details": {"target": 200, "experiment_id": "EXP-XAUUSD-M15"}}
{"timestamp": "2026-10-04 08:56:46 UTC", "ts": 1791104206.24969, "event": "NEW_RUN", "run_id": "RUN-ACCEPTANCE-001", "details": {"target": 500}}
{"timestamp": "2026-10-04 08:57:06 UTC", "ts": 1791104226.29586, "event": "RESUME_RUN", "run_id": "RUN-TEST-A-NEW2", "details": {"target": 200, "experiment_id": "EXP-XAUUSD-M15"}}
{"timestamp": "2026-10-04 08:57:08 UTC", "ts": 1791104228.662126, "event": "NEW_RUN", "run_id": "RUN-TEST-A-NEW", "details": {"target": 100, "experiment_id": "EXP-XAUUSD-M15"}}
{"timestamp": "2026-10-04 08:57:08 UTC", "ts": 1791104228.692275, "event": "RESUME_RUN", "run_id": "RUN-TEST-A-NEW", "details": {"target": 150, "experiment_id": "EXP-XAUUSD-M15"}}
{"timestamp": "2026-10-04 08:57:08 UTC", "ts": 1791104228.7317, "event": "NEW_RUN", "run_id": "RUN-TEST-A-NEW2", "details": {"target": 200, "experiment_id": "EXP-XAUUSD-M15"}}
{"timestamp": "2026-10-04 08:57:08 UTC", "ts": 1791104228.894965, "event": "NEW_RUN", "run_id": "RUN-ACCEPTANCE-001", "details": {"target": 500}}
{"timestamp": "2026-10-04 08:58:53 UTC", "ts": 1791104333.69984, "event": "NEW_RUN", "run_id": "RUN-TEST-A-NEW", "details": {"target": 100, "experiment_id": "EXP-XAUUSD-M15"}}
{"timestamp": "2026-10-04 08:58:53 UTC", "ts": 1791104333.734179, "event": "RESUME_RUN", "run_id": "RUN-TEST-A-NEW", "details": {"target": 150, "experiment_id": "EXP-XAUUSD-M15"}}
{"timestamp": "2026-10-04 08:58:53 UTC", "ts": 1791104333.89538, "event": "NEW_RUN", "run_id": "RUN-TEST-A-NEW2", "details": {"target": 200, "experiment_id": "EXP-XAUUSD-M15"}}
{"timestamp": "2026-10-04 08:58:54 UTC", "ts": 1791104334.084395, "event": "NEW_RUN", "run_id": "RUN-ACCEPTANCE-001", "details": {"target": 500}}
{"timestamp": "2026-10-04 09:00:10 UTC", "ts": 1791104410.554737, "event": "RESUME_RUN", "run_id": "RUN-TEST-A-NEW2", "details": {"target": 200, "experiment_id": "EXP-XAUUSD-M15"}}
{"timestamp": "2026-10-04 09:00:11 UTC", "ts": 1791104411.994504, "event": "NEW_RUN", "run_id": "RUN-TEST-A-NEW", "details": {"target": 100, "experiment_id": "EXP-XAUUSD-M15"}}
{"timestamp": "2026-10-04 09:00:12 UTC", "ts": 1791104412.055696, "event": "RESUME_RUN", "run_id": "RUN-TEST-A-NEW", "details": {"target": 150, "experiment_id": "EXP-XAUUSD-M15"}}
{"timestamp": "2026-10-04 09:00:12 UTC", "ts": 1791104412.080368, "event": "NEW_RUN", "run_id": "RUN-TEST-A-NEW2", "details": {"target": 200, "experiment_id": "EXP-XAUUSD-M15"}}
{"timestamp": "2026-10-04 09:00:12 UTC", "ts": 1791104412.375477, "event": "NEW_RUN", "run_id": "RUN-ACCEPTANCE-001", "details": {"target": 500}}
{"timestamp": "2026-10-04 14:31:54 UTC", "ts": 1791124314.477971, "event": "NEW_RUN", "run_id": "RUN-TEST-A-NEW", "details": {"target": 100, "experiment_id": "EXP-XAUUSD-M15"}}
{"timestamp": "2026-10-04 14:31:54 UTC", "ts": 1791124314.512497, "event": "RESUME_RUN", "run_id": "RUN-TEST-A-NEW", "details": {"target": 150, "experiment_id": "EXP-XAUUSD-M15"}}
{"timestamp": "2026-10-04 14:31:54 UTC", "ts": 1791124314.556694, "event": "NEW_RUN", "run_id": "RUN-TEST-A-NEW2", "details": {"target": 200, "experiment_id": "EXP-XAUUSD-M15"}}
{"timestamp": "2026-10-04 14:31:55 UTC", "ts": 1791124315.139993, "event": "NEW_RUN", "run_id": "RUN-ACCEPTANCE-001", "details": {"target": 500}}
{"timestamp": "2026-10-04 14:33:06 UTC", "ts": 1791124386.615739, "event": "RESUME_RUN", "run_id": "RUN-TEST-A-NEW2", "details": {"target": 200, "experiment_id": "EXP-XAUUSD-M15"}}
{"timestamp": "2026-10-04 14:33:09 UTC", "ts": 1791124389.298145, "event": "NEW_RUN", "run_id": "RUN-TEST-A-NEW", "details": {"target": 100, "experiment_id": "EXP-XAUUSD-M15"}}
{"timestamp": "2026-10-04 14:33:09 UTC", "ts": 1791124389.336288, "event": "RESUME_RUN", "run_id": "RUN-TEST-A-NEW", "details": {"target": 150, "experiment_id": "EXP-XAUUSD-M15"}}
{"timestamp": "2026-10-04 14:33:09 UTC", "ts": 1791124389.386836, "event": "NEW_RUN", "run_id": "RUN-TEST-A-NEW2", "details": {"target": 200, "experiment_id": "EXP-XAUUSD-M15"}}
{"timestamp": "2026-10-04 14:33:09 UTC", "ts": 1791124389.556524, "event": "NEW_RUN", "run_id": "RUN-ACCEPTANCE-001", "details": {"target": 500}}
{"timestamp": "2026-10-04 14:38:14 UTC", "ts": 1791124694.37239, "event": "NEW_RUN", "run_id": "RUN-TEST-A-NEW", "details": {"target": 100, "experiment_id": "EXP-XAUUSD-M15"}}
{"timestamp": "2026-10-04 14:38:14 UTC", "ts": 1791124694.410299, "event": "RESUME_RUN", "run_id": "RUN-TEST-A-NEW", "details": {"target": 150, "experiment_id": "EXP-XAUUSD-M15"}}
{"timestamp": "2026-10-04 14:38:14 UTC", "ts": 1791124694.472006, "event": "NEW_RUN", "run_id": "RUN-TEST-A-NEW2", "details": {"target": 200, "experiment_id": "EXP-XAUUSD-M15"}}
{"timestamp": "2026-10-04 14:38:15 UTC", "ts": 1791124695.144564, "event": "NEW_RUN", "run_id": "RUN-ACCEPTANCE-001", "details": {"target": 500}}
{"timestamp": "2026-10-04 14:38:54 UTC", "ts": 1791124734.571852, "event": "RESUME_RUN", "run_id": "RUN-TEST-A-NEW2", "details": {"target": 200, "experiment_id": "EXP-XAUUSD-M15"}}
{"timestamp": "2026-10-04 14:39:13 UTC", "ts": 1791124753.945619, "event": "RESUME_RUN", "run_id": "RUN-TEST-A-NEW2", "details": {"target": 200, "experiment_id": "EXP-XAUUSD-M15"}}
{"timestamp": "2026-10-04 14:39:15 UTC", "ts": 1791124755.30357, "event": "NEW_RUN", "run_id": "RUN-TEST-A-NEW", "details": {"target": 100, "experiment_id": "EXP-XAUUSD-M15"}}
{"timestamp": "2026-10-04 14:39:15 UTC", "ts": 1791124755.358033, "event": "RESUME_RUN", "run_id": "RUN-TEST-A-NEW", "details": {"target": 150, "experiment_id": "EXP-XAUUSD-M15"}}
{"timestamp": "2026-10-04 14:39:15 UTC", "ts": 1791124755.392577, "event": "NEW_RUN", "run_id": "RUN-TEST-A-NEW2", "details": {"target": 200, "experiment_id": "EXP-XAUUSD-M15"}}
{"timestamp": "2026-10-04 14:39:15 UTC", "ts": 1791124755.565031, "event": "NEW_RUN", "run_id": "RUN-ACCEPTANCE-001", "details": {"target": 500}}
{"timestamp": "2026-10-04 14:48:23 UTC", "ts": 1791125303.768977, "event": "RESUME_RUN", "run_id": "RUN-TEST-A-NEW2", "details": {"target": 200, "experiment_id": "EXP-XAUUSD-M15"}}
{"timestamp": "2026-10-04 14:48:24 UTC", "ts": 1791125304.96932, "event": "NEW_RUN", "run_id": "RUN-TEST-A-NEW", "details": {"target": 100, "experiment_id": "EXP-XAUUSD-M15"}}
{"timestamp": "2026-10-04 14:48:25 UTC", "ts": 1791125305.002004, "event": "RESUME_RUN", "run_id": "RUN-TEST-A-NEW", "details": {"target": 150, "experiment_id": "EXP-XAUUSD-M15"}}
{"timestamp": "2026-10-04 14:48:25 UTC", "ts": 1791125305.03965, "event": "NEW_RUN", "run_id": "RUN-TEST-A-NEW2", "details": {"target": 200, "experiment_id": "EXP-XAUUSD-M15"}}
{"timestamp": "2026-10-04 14:48:25 UTC", "ts": 1791125305.184744, "event": "NEW_RUN", "run_id": "RUN-ACCEPTANCE-001", "details": {"target": 500}}
{"timestamp": "2026-10-04 14:48:49 UTC", "ts": 1791125329.019192, "event": "RESUME_RUN", "run_id": "RUN-TEST-A-NEW2", "details": {"target": 200, "experiment_id": "EXP-XAUUSD-M15"}}
{"timestamp": "2026-10-04 14:48:50 UTC", "ts": 1791125330.050005, "event": "NEW_RUN", "run_id": "RUN-TEST-A-NEW", "details": {"target": 100, "experiment_id": "EXP-XAUUSD-M15"}}
{"timestamp": "2026-10-04 14:48:50 UTC", "ts": 1791125330.076146, "event": "RESUME_RUN", "run_id": "RUN-TEST-A-NEW", "details": {"target": 150, "experiment_id": "EXP-XAUUSD-M15"}}
{"timestamp": "2026-10-04 14:48:50 UTC", "ts": 1791125330.110573, "event": "NEW_RUN", "run_id": "RUN-TEST-A-NEW2", "details": {"target": 200, "experiment_id": "EXP-XAUUSD-M15"}}
{"timestamp": "2026-10-04 14:48:50 UTC", "ts": 1791125330.258926, "event": "NEW_RUN", "run_id": "RUN-ACCEPTANCE-001", "details": {"target": 500}}
{"timestamp": "2026-10-04 14:54:05 UTC", "ts": 1791125645.755122, "event": "RESUME_RUN", "run_id": "RUN-TEST-A-NEW2", "details": {"target": 200, "experiment_id": "EXP-XAUUSD-M15"}}
{"timestamp": "2026-10-04 14:54:06 UTC", "ts": 1791125646.850952, "event": "NEW_RUN", "run_id": "RUN-TEST-A-NEW", "details": {"target": 100, "experiment_id": "EXP-XAUUSD-M15"}}
{"timestamp": "2026-10-04 14:54:06 UTC", "ts": 1791125646.886776, "event": "RESUME_RUN", "run_id": "RUN-TEST-A-NEW", "details": {"target": 150, "experiment_id": "EXP-XAUUSD-M15"}}
{"timestamp": "2026-10-04 14:54:06 UTC", "ts": 1791125646.913804, "event": "NEW_RUN", "run_id": "RUN-TEST-A-NEW2", "details": {"target": 200, "experiment_id": "EXP-XAUUSD-M15"}}
{"timestamp": "2026-10-04 14:54:07 UTC", "ts": 1791125647.1192, "event": "NEW_RUN", "run_id": "RUN-ACCEPTANCE-001", "details": {"target": 500}}
{"timestamp": "2026-10-04 14:56:13 UTC", "ts": 1791125773.200783, "event": "RESUME_RUN", "run_id": "RUN-TEST-A-NEW2", "details": {"target": 200, "experiment_id": "EXP-XAUUSD-M15"}}
{"timestamp": "2026-10-04 14:56:14 UTC", "ts": 1791125774.249781, "event": "NEW_RUN", "run_id": "RUN-TEST-A-NEW", "details": {"target": 100, "experiment_id": "EXP-XAUUSD-M15"}}
{"timestamp": "2026-10-04 14:56:14 UTC", "ts": 1791125774.278957, "event": "RESUME_RUN", "run_id": "RUN-TEST-A-NEW", "details": {"target": 150, "experiment_id": "EXP-XAUUSD-M15"}}
{"timestamp": "2026-10-04 14:56:14 UTC", "ts": 1791125774.3164, "event": "NEW_RUN", "run_id": "RUN-TEST-A-NEW2", "details": {"target": 200, "experiment_id": "EXP-XAUUSD-M15"}}
{"timestamp": "2026-10-04 14:56:14 UTC", "ts": 1791125774.471069, "event": "NEW_RUN", "run_id": "RUN-ACCEPTANCE-001", "details": {"target": 500}}
{"timestamp": "2026-10-04 14:57:25 UTC", "ts": 1791125845.889802, "event": "RESUME_RUN", "run_id": "RUN-TEST-A-NEW2", "details": {"target": 200, "experiment_id": "EXP-XAUUSD-M15"}}
{"timestamp": "2026-10-04 14:57:27 UTC", "ts": 1791125847.034737, "event": "NEW_RUN", "run_id": "RUN-TEST-A-NEW", "details": {"target": 100, "experiment_id": "EXP-XAUUSD-M15"}}
{"timestamp": "2026-10-04 14:57:27 UTC", "ts": 1791125847.067174, "event": "RESUME_RUN", "run_id": "RUN-TEST-A-NEW", "details": {"target": 150, "experiment_id": "EXP-XAUUSD-M15"}}
{"timestamp": "2026-10-04 14:57:27 UTC", "ts": 1791125847.098551, "event": "NEW_RUN", "run_id": "RUN-TEST-A-NEW2", "details": {"target": 200, "experiment_id": "EXP-XAUUSD-M15"}}
{"timestamp": "2026-10-04 14:57:27 UTC", "ts": 1791125847.236205, "event": "NEW_RUN", "run_id": "RUN-ACCEPTANCE-001", "details": {"target": 500}}
{"timestamp": "2026-10-04 17:00:23 UTC", "ts": 1791133223.648151, "event": "RESUME_RUN", "run_id": "RUN-TEST-A-NEW2", "details": {"target": 200, "experiment_id": "EXP-XAUUSD-M15"}}
{"timestamp": "2026-10-04 17:00:25 UTC", "ts": 1791133225.188089, "event": "NEW_RUN", "run_id": "RUN-TEST-A-NEW", "details": {"target": 100, "experiment_id": "EXP-XAUUSD-M15"}}
{"timestamp": "2026-10-04 17:00:25 UTC", "ts": 1791133225.2407, "event": "RESUME_RUN", "run_id": "RUN-TEST-A-NEW", "details": {"target": 150, "experiment_id": "EXP-XAUUSD-M15"}}
{"timestamp": "2026-10-04 17:00:25 UTC", "ts": 1791133225.287084, "event": "NEW_RUN", "run_id": "RUN-TEST-A-NEW2", "details": {"target": 200, "experiment_id": "EXP-XAUUSD-M15"}}
{"timestamp": "2026-10-04 17:00:25 UTC", "ts": 1791133225.523582, "event": "NEW_RUN", "run_id": "RUN-ACCEPTANCE-001", "details": {"target": 500}}
{"timestamp": "2026-10-04 17:17:45 UTC", "ts": 1791134265.502528, "event": "RESUME_RUN", "run_id": "RUN-20261004-CLEAN-MT5", "details": {"target": 1000, "experiment_id": "EXP-XAUUSD-M15"}}
{"timestamp": "2026-10-04 17:17:47 UTC", "ts": 1791134267.861942, "event": "NEW_RUN", "run_id": "RUN-TEST-A-NEW", "details": {"target": 100, "experiment_id": "EXP-XAUUSD-M15"}}
{"timestamp": "2026-10-04 17:17:47 UTC", "ts": 1791134267.938749, "event": "RESUME_RUN", "run_id": "RUN-TEST-A-NEW", "details": {"target": 150, "experiment_id": "EXP-XAUUSD-M15"}}
{"timestamp": "2026-10-04 17:17:47 UTC", "ts": 1791134267.995339, "event": "NEW_RUN", "run_id": "RUN-TEST-A-NEW2", "details": {"target": 200, "experiment_id": "EXP-XAUUSD-M15"}}
{"timestamp": "2026-10-04 17:18:25 UTC", "ts": 1791134305.858774, "event": "RESUME_RUN", "run_id": "RUN-20261004-CLEAN-MT5", "details": {"target": 1000, "experiment_id": "EXP-XAUUSD-M15"}}
{"timestamp": "2026-10-04 17:18:27 UTC", "ts": 1791134307.754748, "event": "NEW_RUN", "run_id": "RUN-TEST-A-NEW", "details": {"target": 100, "experiment_id": "EXP-XAUUSD-M15"}}
{"timestamp": "2026-10-04 17:18:27 UTC", "ts": 1791134307.834605, "event": "RESUME_RUN", "run_id": "RUN-TEST-A-NEW", "details": {"target": 150, "experiment_id": "EXP-XAUUSD-M15"}}
{"timestamp": "2026-10-04 17:18:27 UTC", "ts": 1791134307.903862, "event": "NEW_RUN", "run_id": "RUN-TEST-A-NEW2", "details": {"target": 200, "experiment_id": "EXP-XAUUSD-M15"}}
{"timestamp": "2026-10-04 17:18:28 UTC", "ts": 1791134308.22478, "event": "NEW_RUN", "run_id": "RUN-ACCEPTANCE-001", "details": {"target": 500}}
{"timestamp": "2026-10-04 17:19:33 UTC", "ts": 1791134373.6774, "event": "RESUME_RUN", "run_id": "RUN-20261004-CLEAN-MT5", "details": {"target": 1000, "experiment_id": "EXP-XAUUSD-M15"}}
{"timestamp": "2026-10-04 17:19:35 UTC", "ts": 1791134375.436334, "event": "NEW_RUN", "run_id": "RUN-TEST-A-NEW", "details": {"target": 100, "experiment_id": "EXP-XAUUSD-M15"}}
{"timestamp": "2026-10-04 17:19:35 UTC", "ts": 1791134375.475099, "event": "RESUME_RUN", "run_id": "RUN-TEST-A-NEW", "details": {"target": 150, "experiment_id": "EXP-XAUUSD-M15"}}
{"timestamp": "2026-10-04 17:19:35 UTC", "ts": 1791134375.523209, "event": "NEW_RUN", "run_id": "RUN-TEST-A-NEW2", "details": {"target": 200, "experiment_id": "EXP-XAUUSD-M15"}}
{"timestamp": "2026-10-04 17:19:35 UTC", "ts": 1791134375.750142, "event": "NEW_RUN", "run_id": "RUN-ACCEPTANCE-001", "details": {"target": 500}}
{"timestamp": "2026-10-05 04:53:36 UTC", "ts": 1791176016.92052, "event": "RESUME_RUN", "run_id": "RUN-20261005-CLEAN-MT5", "details": {"target": 1000, "experiment_id": "EXP-XAUUSD-M15"}}
{"timestamp": "2026-10-05 04:53:38 UTC", "ts": 1791176018.440069, "event": "NEW_RUN", "run_id": "RUN-TEST-A-NEW", "details": {"target": 100, "experiment_id": "EXP-XAUUSD-M15"}}
{"timestamp": "2026-10-05 04:53:38 UTC", "ts": 1791176018.484992, "event": "RESUME_RUN", "run_id": "RUN-TEST-A-NEW", "details": {"target": 150, "experiment_id": "EXP-XAUUSD-M15"}}
{"timestamp": "2026-10-05 04:53:38 UTC", "ts": 1791176018.522885, "event": "NEW_RUN", "run_id": "RUN-TEST-A-NEW2", "details": {"target": 200, "experiment_id": "EXP-XAUUSD-M15"}}
{"timestamp": "2026-10-05 04:53:38 UTC", "ts": 1791176018.707808, "event": "NEW_RUN", "run_id": "RUN-ACCEPTANCE-001", "details": {"target": 500}}
{"timestamp": "2026-10-05 04:56:29 UTC", "ts": 1791176189.863896, "event": "RESUME_RUN", "run_id": "RUN-20261005-CLEAN-MT5", "details": {"target": 1000, "experiment_id": "EXP-XAUUSD-M15"}}
{"timestamp": "2026-10-05 04:56:31 UTC", "ts": 1791176191.374272, "event": "NEW_RUN", "run_id": "RUN-TEST-A-NEW", "details": {"target": 100, "experiment_id": "EXP-XAUUSD-M15"}}
{"timestamp": "2026-10-05 04:56:31 UTC", "ts": 1791176191.431235, "event": "RESUME_RUN", "run_id": "RUN-TEST-A-NEW", "details": {"target": 150, "experiment_id": "EXP-XAUUSD-M15"}}
{"timestamp": "2026-10-05 04:56:31 UTC", "ts": 1791176191.48162, "event": "NEW_RUN", "run_id": "RUN-TEST-A-NEW2", "details": {"target": 200, "experiment_id": "EXP-XAUUSD-M15"}}
{"timestamp": "2026-10-05 04:56:31 UTC", "ts": 1791176191.683268, "event": "NEW_RUN", "run_id": "RUN-ACCEPTANCE-001", "details": {"target": 500}}
{"timestamp": "2026-10-05 05:52:51 UTC", "ts": 1791179571.427352, "event": "NEW_RUN", "run_id": "RUN-20261005-055251", "details": {"target": 5000, "experiment_id": "EXP-XAUUSD-M15"}}
{"timestamp": "2026-10-05 05:54:00 UTC", "ts": 1791179640.374127, "event": "COMPLETED", "run_id": "RUN-20261005-055251", "details": {"target": 5000, "total_nodes": 5000}}
