==============================================================================
  EVOLUTIONARY TRADING RESEARCH LAB V3.6 — STARTUP DIAGNOSTIC REPORT
==============================================================================
TIMESTAMP (UTC):       2026-10-05 05:51:11 UTC
SOFTWARE VERSION:      3.6
DATA SCHEMA VERSION:   3
HOST PLATFORM:         Windows 11 (AMD64)
PYTHON ENVIRONMENT:    3.14.6 (CPython)
PROCESS PID:           45316
------------------------------------------------------------------------------
1. PATHS & DIRECTORY DISCOVERY
------------------------------------------------------------------------------
  PROJECT ROOT:        E:\evolutionary-trading-lab
  DATA ROOT:           E:\evolutionary-trading-lab\DATA (STATUS: DISCOVERED & VERIFIED)
  TEST DATA ROOT:      E:\evolutionary-trading-lab\DATA\TEST_DATA (STATUS: ISOLATED)
  CACHE ROOT:          E:\evolutionary-trading-lab\DATA\CACHE
  DATABASE PATH:       E:\evolutionary-trading-lab\DATA\DATABASE\lab_state.db
  PERSISTENT DATA LOGS:E:\evolutionary-trading-lab\DATA\logs
------------------------------------------------------------------------------
2. REAL MARKET DATA DISCOVERY & MANIFESTS
------------------------------------------------------------------------------
  MT5 XAUUSD DIR:      E:\evolutionary-trading-lab\DATA\MT5\XAUUSD
  DATASETS DISCOVERED: 1
  FEATURE SETS CACHED: 73
  MANIFEST STATUS:     SYNCHRONIZED (manifest.json)
------------------------------------------------------------------------------
3. HISTORICAL RESEARCH ARTIFACT RESTORATION
------------------------------------------------------------------------------
  TOTAL NODES RESTORED:       787
  ANCESTRY EDGES RESTORED:    326 parent/child connections
  GENERATIONS RESTORED:       10 generations
  BACKTESTS RESTORED:         43 completed evaluations
  VALIDATIONS RESTORED:       11 completed batteries
  QUALIFIED CANDIDATES:       131 strategies
  DEAD / REJECTED CANDIDATES: 614 strategies
  IN-FLIGHT PENDING NODES:    42 strategies
------------------------------------------------------------------------------
4. CPU UTILIZATION & DYNAMIC WORKER POOL CONFIGURATION
------------------------------------------------------------------------------
  CPU HARDWARE CORES:  32 cores (16 physical)
  CONFIGURED CPU TARGET:60%
  DYNAMIC WORKER POOL: 19 active workers
  SYSTEM TOTAL RAM:    63.2 GB (30.7% used)
  EXECUTION POOL:      ProcessPoolExecutor (spawn/fork isolated)
------------------------------------------------------------------------------
5. RESEARCH RUN MANAGEMENT & HISTORICAL EXPERIMENTS
------------------------------------------------------------------------------
  TOTAL RESEARCH RUNS: 6 distinct runs discovered
  [1] RUN ID: RUN-TEST-A-NEW2 | EXP: EXP-XAUUSD-M15 | Nodes: 37/200 | Completed: 27 | Qualified: 0 | Status: COMPLETED | Created: 2026-10-04 08:55:34
  [2] RUN ID: RUN-20260927-CLEAN-MT5 | EXP: EXP-XAUUSD-M15 | Nodes: 29/29 | Completed: 28 | Qualified: 0 | Status: IDLE | Created: 2026-10-04 07:47:52
  [3] RUN ID: RUN-HISTORICAL-PRESERVED | EXP: EXP-XAUUSD-M15 | Nodes: 721/721 | Completed: 690 | Qualified: 131 | Status: IDLE | Created: 2026-09-25 09:57:51
  [4] RUN ID: RUN-20261005-CLEAN-MT5 | EXP: EXP-XAUUSD-M15 | Nodes: 0/1000 | Completed: 0 | Qualified: 0 | Status: COMPLETED | Created: 2026-10-05 04:53:34
  [5] RUN ID: RUN-20261004-CLEAN-MT5 | EXP: EXP-XAUUSD-M15 | Nodes: 0/1000 | Completed: 0 | Qualified: 0 | Status: COMPLETED | Created: 2026-10-04 17:17:41
  [6] RUN ID: RUN-TEST-A-NEW | EXP: EXP-XAUUSD-M15 | Nodes: 0/150 | Completed: 0 | Qualified: 0 | Status: COMPLETED | Created: 2026-10-04 08:55:34
------------------------------------------------------------------------------
6. STARTUP VERDICT & PERSISTENCE SUMMARY
------------------------------------------------------------------------------
  DATA RESTORATION:    COMPLETE — 100% historical research restored
  EVOLUTION TREE:      RECONSTRUCTED — visual and API lineage synchronized
  DATABASE STATE:      MIRRORED & RECONCILED (DATA/database/lab_state.db)
  RESEARCH STATUS:     READY FOR RESUME OR NEW RUN
==============================================================================
  END OF STARTUP DIAGNOSTIC REPORT
==============================================================================
